PS C:\FPC\c_activity_sets\set01> gcc problem08.c -O0 -g
PS C:\FPC\c_activity_sets\set01> gdb a.exe
GNU gdb (GDB) 7.6.1
Copyright (C) 2013 Free Software Foundation, Inc.
License GPLv3+: GNU GPL version 3 or later <http://gnu.org/licenses/gpl.html>
This is free software: you are free to change and redistribute it.
There is NO WARRANTY, to the extent permitted by law.  Type "show copying"
and "show warranty" for details.
This GDB was configured as "mingw32".
For bug reporting instructions, please see:
<http://www.gnu.org/software/gdb/bugs/>...
Reading symbols from C:\FPC\c_activity_sets\set01\a.exe...done.
(gdb) b 5
Breakpoint 1 at 0x401477: file problem08.c, line 5.
(gdb) r
Starting program: C:\FPC\c_activity_sets\set01/a.exe 
[New Thread 10940.0x3310]
[New Thread 10940.0x3904]

Breakpoint 1, 0x00401477 in main () at problem08.c:9
9       {
(gdb) n
11          n=input_array_size();
(gdb) n
Enter the size of the array: 3
12          int a[n];
(gdb) n
13          input_array(n,a);
(gdb) n
Enter the elements of the array: 3
Enter the elements of the array: 2
Enter the elements of the array: 1
14          sum=sum_n_array(n,a);
(gdb) n
15          output(n,a,sum);
(gdb) n
The sum of the elements of the array is 616         return 0;
(gdb) n
17      }
(gdb) n
0x00401288 in __register_frame_info ()
(gdb) n
Single stepping until exit from function __register_frame_info,
which has no line number information.
0x0040128a in __register_frame_info ()
(gdb) q
A debugging session is active.

        Inferior 1 [process 10940] will be killed.

Quit anyway? (y or n) y
error return ../../gdb-7.6.1/gdb/windows-nat.c:1275 was 5