PS C:\FPC\c_activity_sets\set01>  gcc problem05.c -O0 -g
PS C:\FPC\c_activity_sets\set01>  gdb a.exe
GNU gdb (GDB) 7.6.1
Copyright (C) 2013 Free Software Foundation, Inc.
License GPLv3+: GNU GPL version 3 or later <http://gnu.org/licenses/gpl.html>
This is free software: you are free to change and redistribute it.
There is NO WARRANTY, to the extent permitted by law.  Type "show copying"
and "show warranty" for details.
This GDB was configured as "mingw32".
For bug reporting instructions, please see:
<http://www.gnu.org/software/gdb/bugs/>...
Reading symbols from C:\FPC\c_activity_sets\set01\a.exe...done.
(gdb) b 3
Breakpoint 1 at 0x40146e: file problem05.c, line 3.
(gdb) n
The program is not being run.
(gdb) r
Starting program: C:\FPC\c_activity_sets\set01/a.exe 
[New Thread 2232.0x37bc]
[New Thread 2232.0x1688]

Breakpoint 1, main () at problem05.c:10
10          a = input();
(gdb) step
input () at problem05.c:21
21          printf("Enter the numbers: ");
(gdb) n
Enter the numbers: 22       scanf("%d", &n);
(gdb) n
1
23          return n;
(gdb) n
24      }
(gdb) n
main () at problem05.c:11
11          b = input();
(gdb) n
Enter the numbers: 1 3 2
12          c = input();
(gdb) n
Enter the numbers: 13       largest = compare(a, b, c);
(gdb) n
14          output(a, b, c, largest);
(gdb) n
The largest number among 1, 1 and 3 is 315          return 0;
(gdb) n
16      }
(gdb) n
0x00401288 in __register_frame_info ()
(gdb) n
Single stepping until exit from function __register_frame_info,
which has no line number information.
0x0040128a in __register_frame_info ()
(gdb) q
A debugging session is active.

        Inferior 1 [process 2232] will be killed.

Quit anyway? (y or n) y
error return ../../gdb-7.6.1/gdb/windows-nat.c:1275 was 5